val _f_279 : τ₁ -δ₁→ τ₂ | τ₁ < τ₂;  = <fun>
val _f1_281 : τ₁ -_δ₁→ τ₂ | τ₁ < τ₂;  = <fun>
val _f2_282 : τ₁ -_δ₁→ τ₂ | τ₁ < τ₂;  = <fun>
val _f3_283 : τ₁ -_δ₂→ τ₂ | τ₃ < τ₂,τ₁ < τ₄,
τ₁ < τ₂; δ₁ < δ₂;  = <fun>
- : bool ! δ₃ | δ₂ < δ₃,δ₁ < δ₃;  = true
Typing error (file "./errors/polymorphic_skeletons.eff", line 4, char 1):
This expression has type int but it should have type bool.
