- : int ! d1 |  = 5
- : int * int ! d1 |  = (1, 2)
Warning (file "./patterns.eff", line 3, char 5): This pattern-matching is not exhaustive.
Here is an example of a value that is not matched:
[]
- : int * int list ! d1 |  = (1, [2; 3; 4])
Warning (file "./patterns.eff", line 4, char 5): This pattern-matching is not exhaustive.
Here is an example of a value that is not matched:
[]
- : int list ! d1 |  = [2; 3; 4]
- : int ! d1 |  = 10
- : int * int cow ! d1 |  = (10, Moo 10)
- : int * int * int ! d1 |  = (42, 42, 42)
- : int * int * int * (int * int * int) ! d1 |  = (1, 2, 3, (1, 2, 3))
