val a : int × string = (5, "foo")
- : int × string = (5, "foo")
val g : α ⟶  β ⟶  α = <fun>
- : int × string = (4, "foo")
val u : α list = []
- : int list × string list = ([1], ["foo"])
val v : α list list = [[]]
- : α list list × int list list = ([[]; []], [[2]; []])
- : α ⟶  α
- : α ⟶  α
val u : α ⟶  β = <fun>
- : α ⟶  β
