val a : int × string = (5, "foo")
- : int × string = (5, "foo")
val g : τ27₀ ⟶  τ27₁ ⟶  τ27₂ = <fun>
- : int × string = (4, "foo")
val u : τ27₀ list = []
- : int list × string list = ([1], ["foo"])
val v : τ27₀ list list = [[]]
- : τ27₀ list list × int list list = ([[]; []], [[2]; []])
- : τ27₀ ⟶  τ27₁
- : τ27₀ ⟶  τ27₁
val u : τ27₀ ⟶  τ27₁ = <fun>
- : τ27₀ ⟶  τ27₁
