- : bool ! d1 |  = true
- : bool ! d1 |  = false
- : bool ! d1 |  = true
- : bool ! d1 |  = false
- : bool ! d1 |  = false
- : bool ! d1 |  = true
- : string * bool * bool * bool ! d1 |  = ("no resource", true, false, true)
- : string * bool * bool * bool ! d1 |  = ("resource", true, false, true)
- : string * bool * bool * bool ! d1 |  = ("nested", true, false, true)
