- : bool ! d1 |  = false
- : bool ! d1 |  = true
- : bool ! d1 |  = false
- : bool ! d1 |  = false
- : bool ! d1 |  = true
- : bool ! d1 |  = false
- : bool ! d1 |  = false
- : string ! d1 |  = "composite values"
- : bool ! d1 |  = true
- : bool ! d1 |  = false
- : string ! d1 |  = "records"
- : bool ! d1 |  = true
- : bool ! d1 |  = false
- : bool ! d1 |  = true
- : bool ! d1 |  = false
- : bool ! d1 |  = true
- : bool ! d1 |  = false
