- : int
- : bool
- : string
- : unit
- : float
- : int × int
- : α list × string
- : (string, α) cow
- : (α, string) cow
- : (int, string list) cow ⟶  (string list, int) cow
- : (int, string) bull
- : (int, α) bull ⟶  int
- : (α, β list list) bull ⟶  β list list
- : string ⟶  string
- : string
- : int
- : α ⟶  α
- : _α ⟶  _α
- : α ⟶  α × α
- : (α ⟶  α) × β list
- : (_α ⟶  _α) × (_β ⟶  _β)
- : α ⟶  β ⟶  α
- : α list list list
- : α ⟶  β ⟶  α
val h : α ⟶  α = <fun>
- : α ⟶  α
