Check (./while.eff:4:5-12): 0
Check (./while.eff:4:5-12): 1
Check (./while.eff:4:5-12): 2
Check (./while.eff:4:5-12): 3
Check (./while.eff:4:5-12): 4
Check (./while.eff:4:5-12): 5
Check (./while.eff:4:5-12): 6
Check (./while.eff:4:5-12): 7
Check (./while.eff:4:5-12): 8
Check (./while.eff:4:5-12): 9
- : unit = ()
Check (./while.eff:13:10-21): (1, 0)
Check (./while.eff:13:10-21): (2, 0)
Check (./while.eff:13:10-21): (2, 1)
Check (./while.eff:13:10-21): (3, 0)
Check (./while.eff:13:10-21): (3, 1)
Check (./while.eff:13:10-21): (3, 2)
Check (./while.eff:13:10-21): (4, 0)
Check (./while.eff:13:10-21): (4, 1)
Check (./while.eff:13:10-21): (4, 2)
Check (./while.eff:13:10-21): (4, 3)
Check (./while.eff:13:10-21): (5, 0)
Check (./while.eff:13:10-21): (5, 1)
Check (./while.eff:13:10-21): (5, 2)
Check (./while.eff:13:10-21): (5, 3)
Check (./while.eff:13:10-21): (5, 4)
Check (./while.eff:13:10-21): (6, 0)
Check (./while.eff:13:10-21): (6, 1)
Check (./while.eff:13:10-21): (6, 2)
Check (./while.eff:13:10-21): (6, 3)
Check (./while.eff:13:10-21): (6, 4)
Check (./while.eff:13:10-21): (6, 5)
Check (./while.eff:13:10-21): (7, 0)
Check (./while.eff:13:10-21): (7, 1)
Check (./while.eff:13:10-21): (7, 2)
Check (./while.eff:13:10-21): (7, 3)
Check (./while.eff:13:10-21): (7, 4)
Check (./while.eff:13:10-21): (7, 5)
Check (./while.eff:13:10-21): (7, 6)
Check (./while.eff:13:10-21): (8, 0)
Check (./while.eff:13:10-21): (8, 1)
Check (./while.eff:13:10-21): (8, 2)
Check (./while.eff:13:10-21): (8, 3)
Check (./while.eff:13:10-21): (8, 4)
Check (./while.eff:13:10-21): (8, 5)
Check (./while.eff:13:10-21): (8, 6)
Check (./while.eff:13:10-21): (8, 7)
Check (./while.eff:13:10-21): (9, 0)
Check (./while.eff:13:10-21): (9, 1)
Check (./while.eff:13:10-21): (9, 2)
Check (./while.eff:13:10-21): (9, 3)
Check (./while.eff:13:10-21): (9, 4)
Check (./while.eff:13:10-21): (9, 5)
Check (./while.eff:13:10-21): (9, 6)
Check (./while.eff:13:10-21): (9, 7)
Check (./while.eff:13:10-21): (9, 8)
- : unit = ()
