Check (file "./while.eff", line 4, char 5): 0
Check (file "./while.eff", line 4, char 5): 1
Check (file "./while.eff", line 4, char 5): 2
Check (file "./while.eff", line 4, char 5): 3
Check (file "./while.eff", line 4, char 5): 4
Check (file "./while.eff", line 4, char 5): 5
Check (file "./while.eff", line 4, char 5): 6
Check (file "./while.eff", line 4, char 5): 7
Check (file "./while.eff", line 4, char 5): 8
Check (file "./while.eff", line 4, char 5): 9
- : unit ! update:d2, lookup:d1; d3 | r4 <= d2, r1, r2, r3 <= d1, #0 <= r4,
                                      #0 <= r3, #0 <= r2, #0 <= r1 = 
()
Check (file "./while.eff", line 13, char 10): (1, 0)
Check (file "./while.eff", line 13, char 10): (2, 0)
Check (file "./while.eff", line 13, char 10): (2, 1)
Check (file "./while.eff", line 13, char 10): (3, 0)
Check (file "./while.eff", line 13, char 10): (3, 1)
Check (file "./while.eff", line 13, char 10): (3, 2)
Check (file "./while.eff", line 13, char 10): (4, 0)
Check (file "./while.eff", line 13, char 10): (4, 1)
Check (file "./while.eff", line 13, char 10): (4, 2)
Check (file "./while.eff", line 13, char 10): (4, 3)
Check (file "./while.eff", line 13, char 10): (5, 0)
Check (file "./while.eff", line 13, char 10): (5, 1)
Check (file "./while.eff", line 13, char 10): (5, 2)
Check (file "./while.eff", line 13, char 10): (5, 3)
Check (file "./while.eff", line 13, char 10): (5, 4)
Check (file "./while.eff", line 13, char 10): (6, 0)
Check (file "./while.eff", line 13, char 10): (6, 1)
Check (file "./while.eff", line 13, char 10): (6, 2)
Check (file "./while.eff", line 13, char 10): (6, 3)
Check (file "./while.eff", line 13, char 10): (6, 4)
Check (file "./while.eff", line 13, char 10): (6, 5)
Check (file "./while.eff", line 13, char 10): (7, 0)
Check (file "./while.eff", line 13, char 10): (7, 1)
Check (file "./while.eff", line 13, char 10): (7, 2)
Check (file "./while.eff", line 13, char 10): (7, 3)
Check (file "./while.eff", line 13, char 10): (7, 4)
Check (file "./while.eff", line 13, char 10): (7, 5)
Check (file "./while.eff", line 13, char 10): (7, 6)
Check (file "./while.eff", line 13, char 10): (8, 0)
Check (file "./while.eff", line 13, char 10): (8, 1)
Check (file "./while.eff", line 13, char 10): (8, 2)
Check (file "./while.eff", line 13, char 10): (8, 3)
Check (file "./while.eff", line 13, char 10): (8, 4)
Check (file "./while.eff", line 13, char 10): (8, 5)
Check (file "./while.eff", line 13, char 10): (8, 6)
Check (file "./while.eff", line 13, char 10): (8, 7)
Check (file "./while.eff", line 13, char 10): (9, 0)
Check (file "./while.eff", line 13, char 10): (9, 1)
Check (file "./while.eff", line 13, char 10): (9, 2)
Check (file "./while.eff", line 13, char 10): (9, 3)
Check (file "./while.eff", line 13, char 10): (9, 4)
Check (file "./while.eff", line 13, char 10): (9, 5)
Check (file "./while.eff", line 13, char 10): (9, 6)
Check (file "./while.eff", line 13, char 10): (9, 7)
Check (file "./while.eff", line 13, char 10): (9, 8)
- : unit ! update:d2, lookup:d1; d3 | r8, r9 <= d2,
                                      r1, r2, r3, r4, r5, r6, r7 <= d1,
                                      #0 <= r9, #0 <= r8, #0 <= r7, #0 <= r6,
                                      #0 <= r5, #0 <= r4, #0 <= r3, #0 <= r2,
                                      #0 <= r1 = ()
