type a = Nil | Cons of (int * a)

let _f_45 (_x_46 : int) = match _x_46 with 1 -> 0 | _ -> 4

let f = _f_45

let _g_47 (_a_48 : a) =
  ( (match _a_48 with
    | Nil -> 0
    | Cons (_x_50, Nil) -> _x_50 + 4
    | Cons (4, _x_52) -> 7
    | _x_53 -> 13),
    0,
    3 + 4,
    13,
    7 )

let g = _g_47
