type a = Nil | Cons of (int * a)

let _f_42 (_x_43 : int) = match _x_43 with 1 -> 0 | _ -> 4

let f = _f_42

let _g_44 (_a_45 : a) =
  ( (match _a_45 with
    | Nil -> 0
    | Cons (_x_47, Nil) -> _x_47 + 4
    | Cons (4, _x_49) -> 7
    | _x_50 -> 13),
    0,
    3 + 4,
    13,
    7 )

let g = _g_44
