type(_, _) effect += Op : (int, int) effect 
;;
coer_hand_to_fun coer_refl_ty force_unsafe 
     (handler {value_clause = (fun (_id_2: int) -> Value _id_2); effect_clauses = 
                                                                 (fun (type a) (type b) (eff : (a, b) effect) : (a -> (b -> _) -> _) -> 
  (match eff with
    | Op -> fun _n_0 _l_4 -> Value 2   
    | eff' -> (fun arg k -> Call (eff', arg, k))
      )); })
;;
