type (_, _) eff_internal_effect += Op1 : (int, int) eff_internal_effect

type (_, _) eff_internal_effect += Op2 : (int, int) eff_internal_effect

;;
coer_hand_to_fun coer_refl_ty force_unsafe
  (handler
     {
       value_clause = (fun (_x_46 : int) -> Value _x_46);
       effect_clauses =
         (fun (type a b) (eff : (a, b) eff_internal_effect) :
              (a -> (b -> _) -> _) ->
           match eff with
           | Op1 -> fun _n_42 _l_49 -> Value 1
           | Op2 -> fun _n_44 _l_50 -> Value 2
           | eff' -> fun arg k -> Call (eff', arg, k));
     })
