type (_, _) eff_internal_effect += Decide : (unit, bool) eff_internal_effect

type intlist = IntNil | IntCons of (int * intlist)

let rec _concat_45 _x_53 =
  match _x_53 with
  | IntNil -> fun (_ys_55 : intlist) -> _ys_55
  | IntCons (_z_57, _zs_56) ->
      fun (_ys_58 : intlist) -> IntCons (_z_57, _concat_45 _zs_56 _ys_58)

let concat = _concat_45

;;
IntNil
