type (_, _) eff_internal_effect += Decide : (unit, bool) eff_internal_effect

type intlist = IntNil | IntCons of (int * intlist)

let rec _concat_42 _x_50 (_x_0 : intlist) =
  match _x_50 with
  | IntNil -> _x_0
  | IntCons (_z_54, _zs_53) -> IntCons (_z_54, _concat_42 _zs_53 _x_0)

let concat = _concat_42

;;
IntNil
