type (_, _) eff_internal_effect += Decide : (unit, bool) eff_internal_effect

type int_list = Nil | Cons of (int * int_list)

;;
let rec _op_42 (* @ *) _x_62 (_ys_81 : int_list) =
  match _x_62 with
  | Nil -> _ys_81
  | Cons (_x_83, _xs_82) -> Cons (_x_83, _op_42 (* @ *) _xs_82 _ys_81)
in
let _l_63 (_y_79 : bool) = Cons ((if _y_79 then 10 else 20), Nil) in
_op_42 (* @ *) (_l_63 true) (_l_63 false)
