type (_, _) eff_internal_effect += Decide : (unit, bool) eff_internal_effect

type int_list = Nil | Cons of (int * int_list)

;;
let rec _op_41 (* @ *) _x_61 (_ys_80 : int_list) =
  match _x_61 with
  | Nil -> _ys_80
  | Cons (_x_82, _xs_81) -> Cons (_x_82, _op_41 (* @ *) _xs_81 _ys_80)
in
let _l_62 (_y_78 : bool) =
  Cons ((match _y_78 with true -> 10 | false -> 20), Nil)
in
_op_41 (* @ *) (_l_62 true) (_l_62 false)
