val a : int * string = (5, "foo")
- : int * string = (5, "foo")
val g : 'a -> 'b -> 'a = <fun>
- : int * string = (4, "foo")
val u : 'a list = []
- : int list * string list = ([1], ["foo"])
val v : 'a list list = [[]]
- : 'a list list * int list list = ([[]; []], [[2]; []])
- : 'a -> 'a = <fun>
- : 'a -> 'a = <fun>
val u : 'a -> 'b = <fun>
- : 'a -> 'b = <fun>
