- : bool = true
- : bool = false
- : bool = false
- : bool = true
- : bool = true
- : unit = ()
- : unit = ()
- : unit = ()
- : unit = ()
- : int = -1
- : float = -3.14159
- : float = -1.
- : int = 4
- : int = 4
- : int = 8
- : int = 19
- : int = 65
- : int = 2
- : int = 0
Check (file "./test_stdlib.eff", line 45, char 1):
Call DivisionByZero ()
- : unit = ()
Check (file "./test_stdlib.eff", line 47, char 1):
Call DivisionByZero ()
- : unit = ()
- : float = 5.84
- : float = 8.478
- : float = 0.44
- : float = 1.16296296296
- : float = infinity
- : int = 33
Check (file "./test_stdlib.eff", line 61, char 1):
Call DivisionByZero ()
- : unit = ()
- : int = 0
Check (file "./test_stdlib.eff", line 65, char 1):
Call DivisionByZero ()
- : unit = ()
- : string = "cherrypie"
- : string = "12."
- : string = "12."
- : string = "-12.000009"
- : string = "0"
- : string = "-18"
- : string = "13"
- : string = "[(1, 2, 3)]"
- : string = "(1, 2, 3)"
- : string = "<fun>"
- : int = -1
- : int = 12
- : float = 42.
- : 'a option = None
- : int option = Some 3
- : unit = ()
- : bool = false
- : bool = true
- : bool = true
- : bool = true
- : bool = true
- : bool = true
- : int list = [4; 5; 6; 7; 8; 9]
- : int list = [1; 4; 9; 16; 25]
- : int list = [2; 5; 8; 11; 14; 17; 20; 23; 26; 29; 32; 35; 38; 41; 44; 47;
                50; 53; 56; 59; 62]
- : int = 89
- : int = 161
Check (file "./test_stdlib.eff", line 121, char 11):
"iter [1; 2; 3; 4; 5]"
- : unit = ()
- : bool = false
- : bool = true
- : bool = false
- : int list = [4; 5]
- : int list = [1; 3; 5; 6]
- : int list = [2; 4]
- : (int * string) list = [(1, "a"); (2, "b"); (3, "c")]
Check (file "./test_stdlib.eff", line 137, char 1):
Call InvalidArgument "zip: length mismatch"
- : unit = ()
- : int list * string list = ([1; 2; 3], ["a"; "b"; "c"])
- : int list = [5; 4; 3; 2; 1]
- : int list = [1; 2; 3; 4; 5; 6]
- : int = 5
- : int = 1
Check (file "./test_stdlib.eff", line 149, char 1):
Call InvalidArgument "head: empty list"
- : unit = ()
- : int list = [2; 3; 4]
Check (file "./test_stdlib.eff", line 153, char 1):
Call InvalidArgument "tail: empty list"
- : unit = ()
- : int * int * int = (5, 5, 5)
- : int = 1
- : int = 2
- : int = 4
- : int = 24
- : bool = false
- : bool = true
- : int = 5
- : '_a -> '_a = <fun>
- : int = 196
- : int = 7
- : string = "foo"
- : int = 4
Check (file "./test_stdlib.eff", line 181, char 1):
Call Print "Does this work?"
- : unit = ()
Check (file "./test_stdlib.eff", line 183, char 1):
Call Print "\"How about now?\""
- : unit = ()
Check (file "./test_stdlib.eff", line 185, char 1):
Call Print "12"
- : unit = ()
Check (file "./test_stdlib.eff", line 187, char 1):
Call Read ()
- : unit = ()
