val f : int -> int = <fun>
val f : int -> int = <fun>
- : int -> (int -> bool -> int) -> int = <fun>
val f : int -> int * int = <fun>
val g : 'a -> 'a = <fun>
val g : int -> int = <fun>
val g : 'a -> 'a -> 'a = <fun>
val g : 'a -> 'a * 'a = <fun>
val f : int -> int = <fun>
val f : (int, 'a) cow -> int = <fun>
val f : ('a, int) cow -> int = <fun>
val f : (int, int) bull -> int = <fun>
val x : int list = []
val h : int => int = <handler>
