- : int = 10
val choose_all : 'a => 'a list = <handler>
- : int list = [10; 5; 20; 15]
val choose_all2 : 'a => 'a list = <handler>
- : int list list = [[10; 5]; [20; 15]]
- : int list list = [[10; 20]; [5; 15]]
- : int list list = [[10; 20]; [10; 15]; [5; 20]; [5; 15]]
val choose_int : int -> int -> int = <fun>
val sqrt : int -> int option = <fun>
val pythagorean : int -> int -> int * int * int = <fun>
val backtrack : 'a => 'a = <handler>
val choose_all : 'a => 'a list = <handler>
- : (int * int * int) list = [(5, 12, 13); (6, 8, 10); (8, 15, 17);
                              (9, 12, 15)]
