- : int ! {Decide:ρ₁} |  = 10
val choose_all : τ₁ ! {Decide:ρ₂|δ₁} ⟹ 
τ₂ list ! {Decide:ρ₄|δ₂} | τ₁ < τ₂; δ₁ < δ₂; ρ₃ = ⊤ = <handler>
- : int list ! {Decide:ρ₂} | ρ₁ = ⊤ = [10; 5; 20; 15]
val choose_all2 : τ₁ ! {Decide2:ρ₂|δ₁} ⟹ 
τ₂ list ! {Decide2:ρ₄|δ₂} | τ₁ < τ₂; δ₁ < δ₂; ρ₃ = ⊤ = <handler>
- : int list list ! {Decide2:ρ₁, 
Decide:ρ₃} | ρ₂ = ⊤ = [[10; 5]; [20; 15]]
- : int list list ! {Decide2:ρ₁, 
Decide:ρ₃} | ρ₂ = ⊤ = [[10; 20]; [5; 15]]
- : int list list ! {Decide2:ρ₁, 
Decide:ρ₃} | ρ₂ = ⊤ = [[10; 20]; [10; 15]; [5; 20]; [5; 15]]
val choose_int : int ⟶  τ₁ -{Fail:ρ₁, Decide:ρ₂}→ int | ρ₁ = ⊤,
ρ₂ = ⊤ = <fun>
val sqrt : τ₁ ⟶  int option |  = <fun>
val pythagorean : int ⟶ 
                  int -{Fail:ρ₁, Decide:ρ₂}→ int × int × int | ρ₁ = ⊤,
ρ₂ = ⊤ = <fun>
val backtrack : τ₁ ! {Fail:ρ₂, Decide:ρ₃|δ₁} ⟹ 
τ₂ ! {Decide:ρ₅, 
Fail:ρ₆|δ₂} | τ₁ < τ₂; δ₁ < δ₂; ρ₂ < ρ₆; ρ₄ = ⊤ = <handler>
val choose_all : τ₁ ! {Decide:ρ₂, Fail:ρ₃|δ₁} ⟹ 
τ₂ list ! {Decide:ρ₅, 
Fail:ρ₆|δ₂} | τ₁ < τ₂; δ₁ < δ₂; ρ₄ = ⊤ = <handler>
- : (int × int × int) list ! {Fail:ρ₁, Decide2:ρ₂, 
Decide:ρ₄} | ρ₃ = ⊤ = [(5, 12, 13); (6, 8, 10); (8, 15, 17);
                               (9, 12, 15)]
