- : (unit ! {Op:ρ₁|δ₂} ⟹  τ₁ ! δ₁) -δ₁→ τ₁ ! δ₃ | ρ₁ = ⊤ = <fun>
- : (unit -{Op:ρ₁|δ₁}→ τ₁) -δ₃→
    (unit -{Op:ρ₂|δ₂}→ int) -{Op:ρ₃|δ₄}→
    string -δ₆→ string ! δ₅ | τ₂ < τ₃,
τ₁ < τ₃; δ₂ < δ₄,δ₁ < δ₄; ρ₂ < ρ₃;  = <fun>
- : unit -{Op:ρ₁|δ₁}→ unit ! δ₂ |  = <fun>
- : unit -{Op:ρ₁|δ₁}→ unit ! δ₂ |  = <fun>
- : unit -{Op:ρ₁|δ₁}→ unit ! δ₂ |  = <fun>
- : (unit -δ₁→ τ₁) -δ₃→
    (τ₁ ! δ₁ ⟹  int ! δ₂) -δ₂→ int ! δ₄ |  = <fun>
- : (unit -{Op:ρ₁, Op':ρ₂|δ₁}→ τ₁) -{Op:ρ₃, 
    Op':ρ₄|δ₂}→ int ! δ₃ | τ₁ < τ₂; δ₁ < δ₂; ρ₂ < ρ₄,
ρ₁ < ρ₃;  = <fun>
- : (unit -{Read:ρ₁|δ₁}→ τ₁) -δ₃→
    (unit -{Read:ρ₂|δ₂}→ int) -δ₄→
    (unit -{Read:ρ₃|δ₅}→ string -δ₆→ string) × 
    (unit -{Read:ρ₄|δ₆}→ string) × 
    (unit -{Read:ρ₅|δ₇}→ string) ! δ₈ | τ₂ < τ₃; δ₂ < δ₇,
δ₂ < δ₅,δ₁ < δ₆,δ₁ < δ₅; ρ₂ < ρ₃,
ρ₁ < ρ₃; ρ₄ = ⊤,ρ₅ = ⊤ = <fun>
