- : (unit ! {Op:ρ₁} ⟹  τ₁ ! ) ⟶  τ₁ | ρ₁ = ⊤ = <fun>
- : (unit -{Op:ρ₁}→ τ₁) ⟶ 
    (unit -{Op:ρ₂}→ τ₂) -{Op:ρ₃|δ₄}→ τ₃ | τ₂ < τ₃,
τ₁ < τ₃; δ₂ < δ₄,δ₁ < δ₄; ρ₂ < ρ₃;  = <fun>
- : unit -{Op:ρ₁}→ unit |  = <fun>
- : unit -{Op:ρ₁}→ unit |  = <fun>
- : unit -{Op:ρ₁}→ unit |  = <fun>
- : (unit ⟶  τ₁) ⟶  (τ₁ !  ⟹  τ₂ ! ) ⟶  τ₂ |  = <fun>
- : (unit -{Op:ρ₁, Op':ρ₂}→ τ₁) -{Op:ρ₃, Op':ρ₄|δ₂}→
    τ₂ | τ₁ < τ₂; δ₁ < δ₂; ρ₂ < ρ₄,
ρ₁ < ρ₃;  = <fun>
- : (unit -{Read:ρ₁}→ τ₁) ⟶ 
    (unit -{Read:ρ₂}→ τ₂) ⟶ 
    (unit -{Read:ρ₃|δ₅}→ τ₃) × 
    (unit -{Read:ρ₄|δ₆}→ string) × 
    (unit -{Read:ρ₅|δ₇}→ string) | τ₂ < τ₃; δ₂ < δ₇,
δ₂ < δ₅,δ₁ < δ₆,δ₁ < δ₅; ρ₂ < ρ₃,
ρ₁ < ρ₃; ρ₄ = ⊤,ρ₅ = ⊤ = <fun>
