- : int ! δ₁ |  = 10
- : int ! δ₁ |  = 20
- : int ! δ₁ |  = 30
- : int ! δ₁ |  = 40
- : int ! δ₁ |  = 42
- : int ! δ₁ |  = -42
- : int ! δ₁ |  = 42
- : int ! δ₁ |  = 42
- : int ! δ₁ |  = 11259375
- : int ! δ₁ |  = 11259375
- : int ! δ₁ |  = 32072
- : int ! δ₁ |  = 32072
- : float ! δ₁ |  = 3.14159
- : float ! δ₁ |  = 4.14159
- : float ! δ₁ |  = -5.1592
- : float ! δ₁ |  = 6.1592
- : float ! δ₁ |  = -3.14
