- : bool ! {DivisionByZero:ρ₁} | ρ₁ = ⊤ = false
- : bool ! {DivisionByZero:ρ₁} | ρ₁ = ⊤ = true
- : bool ! {DivisionByZero:ρ₁} |  = false
- : bool ! {DivisionByZero:ρ₁} |  = false
- : bool ! {DivisionByZero:ρ₁} |  = false
- : bool ! {DivisionByZero:ρ₁} |  = true
- : bool ! {DivisionByZero:ρ₁} |  = false
- : bool ! {DivisionByZero:ρ₁} |  = true
- : bool ! {DivisionByZero:ρ₁} |  = true
- : bool ! {DivisionByZero:ρ₁} |  = true
