- : int = 5
- : int * int = (1, 2)
Warning (file "./patterns.eff", line 3, char 5):
This pattern-matching is not exhaustive.

                                    Here is an example of a value that is not matched:
  []
- : int * int list = (1, [2; 3; 4])
Warning (file "./patterns.eff", line 4, char 5):
This pattern-matching is not exhaustive.

                                    Here is an example of a value that is not matched:
  []
- : int list = [2; 3; 4]
- : int = 10
- : int * int cow = (10, Moo 10)
- : int * int * int = (42, 42, 42)
- : int * int * int * (int * int * int) = (1, 2, 3, (1, 2, 3))
