val _a_279 : int × string |  = (5, "foo")
- : int × string ! δ₁ |  = (5, "foo")
val _g_284 : τ₁ -δ₁→ τ₂ -δ₂→ τ₃ | τ₁ < τ₃;  = <fun>
- : int × string ! δ₁ |  = (4, "foo")
val _u_294 : τ₁ list |  = []
- : int list × string list ! δ₁ |  = ([1], ["foo"])
val _v_295 : τ₁ list list |  = [[]]
- : τ₁ list list × int list list ! δ₁ |  = ([[]; []], [[2]; []])
- : τ₁ -δ₁→ τ₂ ! δ₂ | τ₁ < τ₂; 
- : τ₁ -δ₁→ τ₂ ! δ₂ | τ₁ < τ₂; 
val _u_306 : τ₁ -δ₁→ τ₂ |  = <fun>
- : τ₁ -δ₁→ τ₂ ! δ₂ | 
