val _state_257 : τ₁ ⟶  (τ₂ ! {Get:ρ₁, Set:ρ₂} ⟹ 
                 (int -{Get:ρ₃, Set:ρ₄|δ₃}→ τ₃) ! {Get:ρ₅, 
                 Set:ρ₆|δ₄}) | τ₂ < τ₃; δ₂ < δ₄,
δ₂ < δ₃;  = <fun>
val _better_state_267 : int ⟶  (τ₁ ! {Get:ρ₁, Set:ρ₂} ⟹ 
                        τ₂ ! {Get:ρ₃, Set:ρ₄|δ₃}) | τ₁ < τ₂; δ₂ < δ₃;  = <fun>
val _transaction_277 : τ₁ ! {Get:ρ₁, Set:ρ₂} ⟹ 
τ₂ ! {Get:ρ₃, 
Set:ρ₄|δ₂} | τ₁ < τ₂; δ₁ < δ₂; ρ₃ = ⊤,
ρ₄ = ⊤ = <handler>
Check (file "./state.eff", line 25, char 24 - line 25, char 31):
20
Check (file "./state.eff", line 28, char 26 - line 28, char 33):
30
Check (file "./state.eff", line 34, char 37 - line 34, char 44):
20
- : int ! {Fail:ρ₁, Get:ρ₂, Set:ρ₃} |  = 0
