- : int = 3
- : bool = true
- : string = "foo"
- : unit = ()
- : float = 4.2
- : int * int = (3, 4)
- : 'a list * string = ([], "foo")
- : (string, 'a) cow = Small "brown"
- : ('a, string) cow = Large "white"
- : (int, string list) cow -> (string list, int) cow = <fun>
- : (int, string) bull = {small = 5; large = "foo"}
- : (int, 'a) bull -> int = <fun>
- : ('a, 'b list list) bull -> 'b list list = <fun>
- : 'a -> string = <fun>
- : 'a -> int = <fun>
- : 'a -> 'a = <fun>
- : '_a -> '_a = <fun>
- : 'a -> 'a * 'a = <fun>
- : ('a -> 'a) * 'b list = (<fun>, [])
- : ('_a -> '_a) * ('_b -> '_b) = (<fun>, <fun>)
- : 'a -> 'b -> 'a = <fun>
- : 'a list list list = [[[]]]
- : 'a -> 'b -> 'a = <fun>
val h : 'a -> 'a = <fun>
- : 'a -> 'a = <fun>
