type (_,_) effect +=
  | Effect_Eff: (unit,unit) effect
let _ =
  let rec _f_257 _x_258 =
    match Pervasives.(=) _x_258 0 with
    | true  -> value 1
    | false  ->
        call Effect_Eff ()
          (fun _result_73  -> _f_257 (Pervasives.(-) _x_258 1)) in
  let rec _newvar_76 _x_258 =
    match Pervasives.(=) _x_258 0 with
    | true  -> value 1
    | false  ->
        (_newvar_76 (Pervasives.(-) _x_258 1)) >>
          ((fun _gen_bind_91  -> value (Pervasives.( * ) _gen_bind_91 2))) in
  _newvar_76 5
let _ =
  let rec _g_268 _x_269 =
    match Pervasives.(=) _x_269 0 with
    | true  -> value 1
    | false  -> _g_268 (Pervasives.(-) _x_269 1) in
  (_g_268 5) >> (fun _gen_id_par_278  -> value _gen_id_par_278)
