val f : τ₁ -δ₁→ τ₂ | τ₁ < τ₂;  = <fun>
val f1 : τ₁ -_δ₁→ τ₂ | τ₁ < τ₂;  = <fun>
val f2 : τ₁ -_δ₁→ τ₂ | τ₁ < τ₂;  = <fun>
val f3 : τ₁ -_δ₂→ τ₂ | τ₃ < τ₂,τ₁ < τ₄,
τ₁ < τ₂; δ₁ < δ₂;  = <fun>
- : bool ! δ₃ | δ₂ < δ₃;  = true
Typing error (file "./errors/polymorphic_skeletons.eff", line 4, char 1):
This expression has type bool but it should have type int.
